// Jest Snapshot v1, https://goo.gl/fbAQLP

exports[`should correctly render LoginPage 1`] = `
<div>
  <Navbar
    color="light"
    expand="md"
    light={true}
    tag="nav"
  >
    <Container
      tag="div"
    >
      <NavbarBrand
        tag="a"
      >
        <h1>
          MovieHub
        </h1>
      </NavbarBrand>
      <NavbarToggler
        onClick={[Function]}
        tag="button"
        type="button"
      />
      <Collapse
        appear={false}
        enter={true}
        exit={true}
        in={false}
        isOpen={false}
        mountOnEnter={false}
        navbar={true}
        onEnter={[Function]}
        onEntered={[Function]}
        onEntering={[Function]}
        onExit={[Function]}
        onExited={[Function]}
        onExiting={[Function]}
        tag="div"
        timeout={350}
        unmountOnExit={false}
      >
        <Nav
          className="ml-auto"
          navbar={true}
          tag="ul"
          vertical={false}
        >
          <NavItem
            className="ml-2"
            tag="li"
          >
            <Button
              className="btn-lg"
              color="secondary"
              onClick={[Function]}
              tag="button"
            >
              Create a new account
            </Button>
          </NavItem>
          <NavItem
            className="ml-2"
            tag="li"
          >
            <Button
              className="btn-lg"
              color="secondary"
              onClick={[Function]}
              tag="button"
            >
              Login
            </Button>
          </NavItem>
          <NavItem
            className="ml-2"
            tag="li"
          >
            <Button
              className="btn-lg"
              color="secondary"
              onClick={[Function]}
              tag="button"
            >
              Login with Google
            </Button>
          </NavItem>
        </Nav>
      </Collapse>
    </Container>
  </Navbar>
  <div
    className="box-layout"
  >
    <Modal
      autoFocus={true}
      backdrop={true}
      backdropTransition={
        Object {
          "mountOnEnter": true,
          "timeout": 150,
        }
      }
      centered={false}
      fade={true}
      isOpen={false}
      keyboard={true}
      modalTransition={
        Object {
          "timeout": 300,
        }
      }
      onClosed={[Function]}
      onOpened={[Function]}
      role="dialog"
      toggle={[Function]}
      zIndex={1050}
    >
      <ModalHeader
        charCode={215}
        closeAriaLabel="Close"
        tag="h5"
        toggle={[Function]}
        wrapTag="div"
      >
        Register
      </ModalHeader>
      <ModalBody
        tag="div"
      >
        <form
          onSubmit={[Function]}
        >
          <FormGroup
            tag="div"
          >
            <Label
              tag="label"
              widths={
                Array [
                  "xs",
                  "sm",
                  "md",
                  "lg",
                  "xl",
                ]
              }
            >
              Email
            </Label>
            <Input
              className="form-control-lg"
              name="email"
              placeholder="something@email.com"
              type="text"
            />
          </FormGroup>
          <FormGroup
            tag="div"
          >
            <Label
              tag="label"
              widths={
                Array [
                  "xs",
                  "sm",
                  "md",
                  "lg",
                  "xl",
                ]
              }
            >
              Password
            </Label>
            <Input
              className="form-control-lg"
              name="password"
              placeholder="Your secret"
              type="password"
            />
          </FormGroup>
          <Button
            color="primary"
            tag="button"
          >
            Create account
          </Button>
           
          <Button
            color="secondary"
            onClick={[Function]}
            tag="button"
          >
            Cancel
          </Button>
        </form>
      </ModalBody>
    </Modal>
    <Modal
      autoFocus={true}
      backdrop={true}
      backdropTransition={
        Object {
          "mountOnEnter": true,
          "timeout": 150,
        }
      }
      centered={false}
      fade={true}
      isOpen={false}
      keyboard={true}
      modalTransition={
        Object {
          "timeout": 300,
        }
      }
      onClosed={[Function]}
      onOpened={[Function]}
      role="dialog"
      toggle={[Function]}
      zIndex={1050}
    >
      <ModalHeader
        charCode={215}
        closeAriaLabel="Close"
        tag="h5"
        toggle={[Function]}
        wrapTag="div"
      >
        Login to existing account
      </ModalHeader>
      <ModalBody
        tag="div"
      >
        <form
          onSubmit={[Function]}
        >
          <FormGroup
            tag="div"
          >
            <Label
              tag="label"
              widths={
                Array [
                  "xs",
                  "sm",
                  "md",
                  "lg",
                  "xl",
                ]
              }
            >
              Email
            </Label>
            <Input
              className="form-control-lg"
              name="email"
              placeholder="something@email.com"
              type="text"
            />
          </FormGroup>
          <FormGroup
            tag="div"
          >
            <Label
              tag="label"
              widths={
                Array [
                  "xs",
                  "sm",
                  "md",
                  "lg",
                  "xl",
                ]
              }
            >
              Password
            </Label>
            <Input
              className="form-control-lg"
              name="password"
              placeholder="Your secret"
              type="password"
            />
          </FormGroup>
          <Button
            className="ml-2"
            color="primary"
            tag="button"
          >
            Login
          </Button>
           
          <Button
            color="secondary"
            onClick={[Function]}
            tag="button"
          >
            Cancel
          </Button>
        </form>
      </ModalBody>
    </Modal>
    <Jumbotron
      className="box-layout__box"
      tag="div"
    >
      <Container
        tag="div"
      >
        <h1
          className="display-3"
        >
          Welcome to MovieHub!
        </h1>
        <h2>
          This is a simple movie blog!
        </h2>
        <hr
          className="my-2"
        />
        <p
          className="h2"
        >
          Register and login. Or sign in with google!
        </p>
      </Container>
    </Jumbotron>
  </div>
</div>
`;
